Chromosom:Upstream exon-intron boundary;First stop codon encountered;IPA site	Strand	Chromosome|Strand|NA|IPA site|Soft-clipped read number	GeneName	9-merIPA-derivedNeoantigen
chr2:70098941;70099010;70102443	+	2|+|NA|70102443|0	GMCL1	LEKDQVCSI
chr2:70098941;70099010;70102443	+	2|+|NA|70102443|0	GMCL1	KDQVCSIIF
chr3:12434227;12434257;12435070	+	3|+|NA|12435070|4	PPARG	AVGMSHNGK
