Chromosom:Upstream exon-intron boundary;First stop codon encountered;IPA site	Strand	Chromosome|Strand|NA|IPA site|Soft-clipped read number	GeneName	9-merIPA-derivedNeoantigen
chr2:65492286;65492376;65494555	+	2|+|NA|65494555|2	ACTR2	KSTITNILL
chr2:65492286;65492376;65494555	+	2|+|NA|65494555|2	ACTR2	STITNILLK
chr2:65492286;65492376;65494555	+	2|+|NA|65494555|2	ACTR2	ILLKGYTVV
chr2:74077617;74077668;74081131	+	2|+|NA|74081131|2	STAMBP	WIHVSNSEL
chr3:12434227;12434257;12435070	+	chr3|+|NA|12435070|0	PPARG	AVGMSHNGK
